Microchip MPLAB XC8 Compiler V2.36

Linker command line:

-W-3 --edf=C:\Program Files\Microchip\xc8\v2.36\pic\dat\en_msgs.txt -cn \
  -h+dist/default/debug\NewProject.debug.sym \
  --cmf=dist/default/debug\NewProject.debug.cmf -z -Q18F4620 \
  -oC:\Users\ENGHOS~1\AppData\Local\Temp\xcAskpc.4 --defsym=__MPLAB_BUILD=1 \
  -Mdist/default/debug/NewProject.debug.map \
  --md=C:\Users\ENGHOS~1\AppData\Local\Temp\xcAskpc.dat -E1 \
  -ver=XC8 Compiler --acfsm=1493 -ACODE=00h-0FFFFh -ACONST=00h-0FFFFh \
  -ASMALLCONST=01000h-010FFhx240 -AMEDIUMCONST=01000h-0FFFFh \
  -ACOMRAM=01h-07Fh -AABS1=00h-0F7Fh -ABIGRAM=01h-0F7Fh \
  -ARAM=080h-0FFh,0100h-01FFhx14,0F00h-0F7Fh -ABANK0=080h-0FFh \
  -ABANK1=0100h-01FFh -ABANK2=0200h-02FFh -ABANK3=0300h-03FFh \
  -ABANK4=0400h-04FFh -ABANK5=0500h-05FFh -ABANK6=0600h-06FFh \
  -ABANK7=0700h-07FFh -ABANK8=0800h-08FFh -ABANK9=0900h-09FFh \
  -ABANK10=0A00h-0AFFh -ABANK11=0B00h-0BFFh -ABANK12=0C00h-0CFFh \
  -ABANK13=0D00h-0DFFh -ABANK14=0E00h-0EFFh -ABANK15=0F00h-0F7Fh \
  -ASFR=0F80h-0FFFh -ABIGSFR=0F80h-0FFFh -ACONFIG=0300000h-030000Dh \
  -AIDLOC=0200000h-0200007h -AEEDATA=0F00000h-0F003FFh -peeprom_data=EEDATA \
  -preset_vec=00h,intcode=08h,intcodelo,powerup,init -pramtop=01000h \
  -psmallconst=SMALLCONST -pmediumconst=MEDIUMCONST -pconst=CONST \
  -AFARRAM=00h-00h \
  -prdata=COMRAM,nvrram=COMRAM,nvbit=COMRAM,rbss=COMRAM,rbit=COMRAM \
  -pfarbss=FARRAM,fardata=FARRAM,nvFARRAM=FARRAM \
  -pintsave_regs=BIGRAM,bigbss=BIGRAM,bigdata=BIGRAM -pbss=RAM \
  -pidata=CODE,irdata=CODE,ibigdata=CODE,ifardata=CODE -prparam=COMRAM \
  C:\Users\ENGHOS~1\AppData\Local\Temp\xcAskpc.o \
  dist/default/debug\NewProject.debug.o 

Object code version is 3.11

Machine type is 18F4620



                Name                               Link     Load   Length Selector   Space Scale
C:\Users\ENGHOS~1\AppData\Local\Temp\xcAskpc.o
                config                           300000   300000        E        0       4
                init                                  E        E        4        4       0
                reset_vec                             0        0        4        0       0
dist/default/debug\NewProject.debug.o
                intcode                               8        8        6        4       0
                config                           300000   300000        E        0       4
                temp                                 6D       6D        1        1       1
                smallconst                         1000     1000       2E      800       0
                text44                             30D6     30D6        4      817       0
                text43                             30D2     30D2        4      817       0
                text42                             30CE     30CE        4      817       0
                text41                             30DA     30DA        2      817       0
                text40                             30CA     30CA        4      817       0
                text39                             30C6     30C6        4      817       0
                text38                             30C2     30C2        4      817       0
                text37                             30BE     30BE        4      817       0
                text36                             30BA     30BA        4      817       0
                text35                             30B6     30B6        4      817       0
                text34                             306A     306A       1A      817       0
                text33                             3050     3050       1A      817       0
                text32                             3036     3036       1A      817       0
                text31                             301C     301C       1A      817       0
                text30                             309C     309C        C      817       0
                text29                             3090     3090        C      817       0
                text28                             30A8     30A8        8      817       0
                text27                             3084     3084        C      817       0
                intcode_body                       19CC     19CC      3E6      817       0
                text25                             2A62     2A62       A4      817       0
                text24                             2BA6     2BA6       7C      817       0
                text23                             2300     2300      144      817       0
                text22                             2444     2444      12C      817       0
                text21                             2D06     2D06       6C      817       0
                text20                             2F66     2F66       3E      817       0
                text19                             2FA4     2FA4       36      817       0
                text18                             2D72     2D72       68      817       0
                text17                             2C94     2C94       72      817       0
                text16                             2676     2676      104      817       0
                text15                             277A     277A       DC      817       0
                text14                             2856     2856       B4      817       0
                text13                             150C     150C      4C0      817       0
                text12                             1DB2     1DB2      39A      817       0
                text11                             2570     2570      106      817       0
                text10                             214C     214C      1B4      817       0
                text9                              102E     102E      4DE      817       0
                text8                              2E8C     2E8C       4E      817       0
                text7                              2E3C     2E3C       50      817       0
                text6                              2FFE     2FFE       1E      817       0
                text5                              2F20     2F20       46      817       0
                text4                              2EDA     2EDA       46      817       0
                text3                              2C22     2C22       72      817       0
                text2                              29BA     29BA       A8      817       0
                text1                              2B06     2B06       A0      817       0
                text0                              290A     290A       B0      817       0
                cstackCOMRAM                          1        1       47        1       1
                cstackBANK0                          D9       D9       12       80       1
                dataBANK0                            B5       B5       24       80       1
                bssBANK0                             80       80       35       80       1
                dataCOMRAM                           67       67        6        1       1
                bssCOMRAM                            48       48       1F        1       1
                cinit                              2DDA     2DDA       62      817       0
                nvBANK0                              EB       EB        1       80       1
                idataBANK0                         2FDA     2FDA       24      817       0
                idataCOMRAM                        30B0     30B0        6      817       0

TOTAL           Name                               Link     Load   Length     Space
        CLASS   CODE           
                intcode                               8        8        6         0
                init                                  E        E        4         0
                reset_vec                             0        0        4         0
                text44                             30D6     30D6        4         0
                text43                             30D2     30D2        4         0
                text42                             30CE     30CE        4         0
                text41                             30DA     30DA        2         0
                text40                             30CA     30CA        4         0
                text39                             30C6     30C6        4         0
                text38                             30C2     30C2        4         0
                text37                             30BE     30BE        4         0
                text36                             30BA     30BA        4         0
                text35                             30B6     30B6        4         0
                text34                             306A     306A       1A         0
                text33                             3050     3050       1A         0
                text32                             3036     3036       1A         0
                text31                             301C     301C       1A         0
                text30                             309C     309C        C         0
                text29                             3090     3090        C         0
                text28                             30A8     30A8        8         0
                text27                             3084     3084        C         0
                intcode_body                       19CC     19CC      3E6         0
                text25                             2A62     2A62       A4         0
                text24                             2BA6     2BA6       7C         0
                text23                             2300     2300      144         0
                text22                             2444     2444      12C         0
                text21                             2D06     2D06       6C         0
                text20                             2F66     2F66       3E         0
                text19                             2FA4     2FA4       36         0
                text18                             2D72     2D72       68         0
                text17                             2C94     2C94       72         0
                text16                             2676     2676      104         0
                text15                             277A     277A       DC         0
                text14                             2856     2856       B4         0
                text13                             150C     150C      4C0         0
                text12                             1DB2     1DB2      39A         0
                text11                             2570     2570      106         0
                text10                             214C     214C      1B4         0
                text9                              102E     102E      4DE         0
                text8                              2E8C     2E8C       4E         0
                text7                              2E3C     2E3C       50         0
                text6                              2FFE     2FFE       1E         0
                text5                              2F20     2F20       46         0
                text4                              2EDA     2EDA       46         0
                text3                              2C22     2C22       72         0
                text2                              29BA     29BA       A8         0
                text1                              2B06     2B06       A0         0
                text0                              290A     290A       B0         0
                cinit                              2DDA     2DDA       62         0
                idataBANK0                         2FDA     2FDA       24         0
                idataCOMRAM                        30B0     30B0        6         0

        CLASS   CONST          

        CLASS   SMALLCONST     
                smallconst                         1000     1000       2E         0

        CLASS   MEDIUMCONST    

        CLASS   COMRAM         
                temp                                 6D       6D        1         1
                cstackCOMRAM                          1        1       47         1
                dataCOMRAM                           67       67        6         1
                bssCOMRAM                            48       48       1F         1

        CLASS   ABS1           

        CLASS   BIGRAM         

        CLASS   RAM            

        CLASS   BANK0          
                cstackBANK0                          D9       D9       12         1
                dataBANK0                            B5       B5       24         1
                bssBANK0                             80       80       35         1
                nvBANK0                              EB       EB        1         1

        CLASS   BANK1          

        CLASS   BANK2          

        CLASS   BANK3          

        CLASS   BANK4          

        CLASS   BANK5          

        CLASS   BANK6          

        CLASS   BANK7          

        CLASS   BANK8          

        CLASS   BANK9          

        CLASS   BANK10         

        CLASS   BANK11         

        CLASS   BANK12         

        CLASS   BANK13         

        CLASS   BANK14         

        CLASS   BANK15         

        CLASS   SFR            

        CLASS   BIGSFR         

        CLASS   CONFIG         
                config                           300000   300000        E         4

        CLASS   IDLOC          

        CLASS   EEDATA         

        CLASS   FARRAM         

        CLASS   HEAP           

        CLASS   STACK          



SEGMENTS        Name                           Load    Length   Top    Selector   Space  Class

                reset_vec                      000000  000004  000004         0       0  CODE    
                cstackCOMRAM                   000001  00006D  00006E         1       1  COMRAM  
                intcode                        000008  00000A  000012         4       0  CODE    
                bssBANK0                       000080  00006C  0000EC        80       1  BANK0   
                smallconst                     001000  00002E  00102E       800       0  SMALLCON
                text9                          00102E  0020AE  0030DC       817       0  CODE    


UNUSED ADDRESS RANGES

        Name                Unused          Largest block    Delta
        BANK0            0000EC-0000FF               14
        BANK1            000100-0001FF              100
        BANK10           000A00-000AFF              100
        BANK11           000B00-000BFF              100
        BANK12           000C00-000CFF              100
        BANK13           000D00-000DFF              100
        BANK14           000E00-000EFF              100
        BANK15           000F00-000F7F               80
        BANK2            000200-0002FF              100
        BANK3            000300-0003FF              100
        BANK4            000400-0004FF              100
        BANK5            000500-0005FF              100
        BANK6            000600-0006FF              100
        BANK7            000700-0007FF              100
        BANK8            000800-0008FF              100
        BANK9            000900-0009FF              100
        BIGRAM           00006E-00007F               12
                         0000EC-000F7F              E94
        BIGSFR           000F80-000FFF               80
        CODE             000004-000007                4
                         000012-000FFF              FEE
                         0030DC-00FFFF             CF24
        COMRAM           00006E-00007F               12
        CONST            000004-000007                4
                         000012-000FFF              FEE
                         0030DC-00FFFF             CF24
        EEDATA           F00000-F003FF              400
        IDLOC            200000-200007                8
        MEDIUMCONST      0030DC-00FFFF             CF24
        RAM              0000EC-000F7F              100
        SFR              000F80-000FFF               80
        SMALLCONST       0030DC-00FFFF              100

                                  Symbol Table

?___fladd                                        cstackCOMRAM 000029
?___fldiv                                        cstackCOMRAM 000010
?___fltol                                        cstackCOMRAM 000002
?___xxtofl                                       cstackCOMRAM 000002
CCP1_Compare_Mode_Set_Value@F3117                bssCOMRAM    000054
EUSART_ASYNC_Init@_eusart                        cstackCOMRAM 000045
EUSART_ASYNC_Init@ret                            cstackCOMRAM 000047
EUSART_ASYNC_RX_Init@_eusart                     cstackCOMRAM 000002
EUSART_ASYNC_ReadStringBlocking@_data            cstackCOMRAM 000002
EUSART_ASYNC_ReadStringBlocking@char_counter     cstackCOMRAM 00000A
EUSART_ASYNC_ReadStringBlocking@ret              cstackCOMRAM 000009
EUSART_ASYNC_ReadStringBlocking@str_len          cstackCOMRAM 000004
EUSART_ASYNC_ReadStringNonBlocking@char_counter  bssCOMRAM    00004A
EUSART_ASYNC_TX_Init@_eusart                     cstackCOMRAM 000002
EUSART_ASYNC_WriteStringNonBlocking@char_counter bssCOMRAM    000048
EUSART_Baud_Rate_Calculation@Baud_Rate_Temp      cstackCOMRAM 00003D
EUSART_Baud_Rate_Calculation@_eusart             cstackCOMRAM 000039
RB4_ISR@RB4_Source                               cstackCOMRAM 000001
RB5_ISR@RB5_Source                               cstackCOMRAM 000001
RB6_ISR@RB6_Source                               cstackCOMRAM 000001
RB7_ISR@RB7_Source                               cstackCOMRAM 000001
StringToUint8@result                             cstackCOMRAM 000006
StringToUint8@sign                               cstackCOMRAM 000005
StringToUint8@str                                cstackCOMRAM 000002
_ADCON0bits                                      (abs)        000FC2
_ADCON1bits                                      (abs)        000FC1
_ADCON2bits                                      (abs)        000FC0
_ADC_ISR                                         text44       0030D6
_ADC_InterruptHandler                            bssCOMRAM    00005A
_ADRESH                                          (abs)        000FC4
_ADRESL                                          (abs)        000FC3
_BAUDCONbits                                     (abs)        000FB8
_CCP1CONbits                                     (abs)        000FBD
_CCP1_ISR                                        text43       0030D2
_CCP1_InterruptHandler                           bssCOMRAM    000058
_CCP2CONbits                                     (abs)        000FBA
_CCP2_ISR                                        text42       0030CE
_CCP2_InterruptHandler                           bssCOMRAM    000056
_CCPR1H                                          (abs)        000FBF
_CCPR1L                                          (abs)        000FBE
_CCPR2H                                          (abs)        000FBC
_CCPR2L                                          (abs)        000FBB
_EEADR                                           (abs)        000FA9
_EEADRH                                          (abs)        000FAA
_EECON1bits                                      (abs)        000FA6
_EECON2                                          (abs)        000FA7
_EEDATA                                          (abs)        000FA8
_EUSART_ASYNC_Init                               text8        002E8C
_EUSART_ASYNC_RX_Init                            text15       00277A
_EUSART_ASYNC_ReadStringBlocking                 text25       002A62
_EUSART_ASYNC_TX_Init                            text14       002856
_EUSART_Baud_Rate_Calculation                    text9        00102E
_EUSART_Baud_Rate_Calculation$5085               cstackCOMRAM 000041
_EUSART_FramingErrorHandler                      bssBANK0     000086
_EUSART_OverrunErrorHandler                      bssBANK0     000084
_EUSART_RX_ISR                                   text41       0030DA
_EUSART_RxInterruptHandler                       bssBANK0     000088
_EUSART_TX_ISR                                   text40       0030CA
_EUSART_TxInterruptHandler                       bssBANK0     00008A
_I2C_DefaultInterruptHandle                      bssBANK0     0000AC
_I2C_Report_Receive_Overflow_InterruptHandle     bssBANK0     0000AA
_I2C_Report_Write_Collision_InterruptHandler     bssCOMRAM    000052
_INT0_ISR                                        text39       0030C6
_INT0_InterruptHandler                           bssBANK0     0000A8
_INT1_ISR                                        text38       0030C2
_INT1_InterruptHandler                           bssBANK0     0000A6
_INT2_ISR                                        text37       0030BE
_INT2_InterruptHandler                           bssBANK0     0000A4
_INTCON2bits                                     (abs)        000FF1
_INTCON3bits                                     (abs)        000FF0
_INTCONbits                                      (abs)        000FF2
_InterruptManagerHigh                            intcode      000008
_LATA                                            (abs)        000F89
_LATB                                            (abs)        000F8A
_LATC                                            (abs)        000F8B
_LATD                                            (abs)        000F8C
_LATE                                            (abs)        000F8D
_MSSP_I2C_BC_ISR                                 text36       0030BA
_MSSP_I2C_ISR                                    text35       0030B6
_PIE1bits                                        (abs)        000F9D
_PIE2bits                                        (abs)        000FA0
_PIR1bits                                        (abs)        000F9E
_PIR2bits                                        (abs)        000FA1
_PORTA                                           (abs)        000F80
_PORTB                                           (abs)        000F81
_PORTBbits                                       (abs)        000F81
_PORTC                                           (abs)        000F82
_PORTD                                           (abs)        000F83
_PORTE                                           (abs)        000F84
_RB4_Flag                                        dataCOMRAM   00006A
_RB4_ISR                                         text34       00306A
_RB4_InterruptHandler_HIGH                       bssBANK0     0000A2
_RB4_InterruptHandler_LOW                        bssBANK0     0000A0
_RB5_Flag                                        dataCOMRAM   000069
_RB5_ISR                                         text33       003050
_RB5_InterruptHandler_HIGH                       bssBANK0     00009E
_RB5_InterruptHandler_LOW                        bssBANK0     00009C
_RB6_Flag                                        dataCOMRAM   000068
_RB6_ISR                                         text32       003036
_RB6_InterruptHandler_HIGH                       bssBANK0     00009A
_RB6_InterruptHandler_LOW                        bssBANK0     000098
_RB7_Flag                                        dataCOMRAM   000067
_RB7_ISR                                         text31       00301C
_RB7_InterruptHandler_HIGH                       bssBANK0     000096
_RB7_InterruptHandler_LOW                        bssBANK0     000094
_RCREG                                           (abs)        000FAE
_RCSTAbits                                       (abs)        000FAB
_SPBRG                                           (abs)        000FAF
_SPBRGH                                          (abs)        000FB0
_SSPADD                                          (abs)        000FC8
_SSPBUF                                          (abs)        000FC9
_SSPCON1bits                                     (abs)        000FC6
_SSPCON2bits                                     (abs)        000FC5
_SSPSTATbits                                     (abs)        000FC7
_StringToUint8                                   text24       002BA6
_T0CONbits                                       (abs)        000FD5
_T1CONbits                                       (abs)        000FCD
_T2CONbits                                       (abs)        000FCA
_T3CONbits                                       (abs)        000FB1
_TMR0H                                           (abs)        000FD7
_TMR0L                                           (abs)        000FD6
_TMR0_ISR                                        text30       00309C
_TMR0_InterruptHandler                           bssBANK0     000092
_TMR1H                                           (abs)        000FCF
_TMR1L                                           (abs)        000FCE
_TMR1_ISR                                        text29       003090
_TMR1_InterruptHandler                           bssBANK0     000090
_TMR2                                            (abs)        000FCC
_TMR2_ISR                                        text28       0030A8
_TMR2_InterruptHandler                           bssBANK0     00008E
_TMR3H                                           (abs)        000FB3
_TMR3L                                           (abs)        000FB2
_TMR3_ISR                                        text27       003084
_TMR3_InterruptHandler                           bssBANK0     00008C
_TRISA                                           (abs)        000F92
_TRISB                                           (abs)        000F93
_TRISC                                           (abs)        000F94
_TRISCbits                                       (abs)        000F94
_TRISD                                           (abs)        000F95
_TRISE                                           (abs)        000F96
_TXREG                                           (abs)        000FAD
_TXSTAbits                                       (abs)        000FAC
__HRAM                                           (abs)        000000
__Habs1                                          abs1         000000
__Hbank0                                         bank0        000000
__Hbank1                                         bank1        000000
__Hbank10                                        bank10       000000
__Hbank11                                        bank11       000000
__Hbank12                                        bank12       000000
__Hbank13                                        bank13       000000
__Hbank14                                        bank14       000000
__Hbank15                                        bank15       000000
__Hbank2                                         bank2        000000
__Hbank3                                         bank3        000000
__Hbank4                                         bank4        000000
__Hbank5                                         bank5        000000
__Hbank6                                         bank6        000000
__Hbank7                                         bank7        000000
__Hbank8                                         bank8        000000
__Hbank9                                         bank9        000000
__Hbigbss                                        bigbss       000000
__Hbigdata                                       bigdata      000000
__Hbigram                                        bigram       000000
__Hbigsfr                                        bigsfr       000000
__Hbss                                           bss          000000
__HbssBANK0                                      bssBANK0     000000
__HbssCOMRAM                                     bssCOMRAM    000000
__Hcinit                                         cinit        000000
__Hclrtext                                       clrtext      000000
__Hcomram                                        comram       000000
__Hconfig                                        config       30000E
__Hconst                                         const        000000
__HcstackBANK0                                   cstackBANK0  000000
__HcstackCOMRAM                                  cstackCOMRAM 000000
__Hdata                                          data         000000
__HdataBANK0                                     dataBANK0    000000
__HdataCOMRAM                                    dataCOMRAM   000000
__Heeprom_data                                   eeprom_data  000000
__Hfarbss                                        farbss       000000
__Hfardata                                       fardata      000000
__Hheap                                          heap         000000
__Hibigdata                                      ibigdata     000000
__Hidata                                         idata        000000
__HidataBANK0                                    idataBANK0   000000
__HidataCOMRAM                                   idataCOMRAM  000000
__Hidloc                                         idloc        000000
__Hifardata                                      ifardata     000000
__Hinit                                          init         000012
__Hintcode                                       intcode      00000E
__Hintcode_body                                  intcode_body 000000
__Hintcodelo                                     intcodelo    00000E
__Hintentry                                      intentry     000000
__Hintret                                        intret       000000
__Hintsave_regs                                  intsave_regs 000000
__Hirdata                                        irdata       000000
__Hmediumconst                                   mediumconst  000000
__HnvBANK0                                       nvBANK0      000000
__HnvFARRAM                                      nvFARRAM     000000
__Hnvbit                                         nvbit        000000
__Hnvrram                                        nvrram       000000
__Hparam                                         rparam       000000
__Hpowerup                                       powerup      00000E
__Hram                                           ram          000000
__Hramtop                                        ramtop       001000
__Hrbit                                          rbit         000000
__Hrbss                                          rbss         000000
__Hrdata                                         rdata        000000
__Hreset_vec                                     reset_vec    000004
__Hrparam                                        rparam       000000
__Hsfr                                           sfr          000000
__Hsmallconst                                    smallconst   00102E
__Hspace_0                                       (abs)        0030DC
__Hspace_1                                       (abs)        0000EC
__Hspace_2                                       (abs)        000000
__Hspace_4                                       (abs)        60000E
__Hstack                                         stack        000000
__Hstruct                                        struct       000000
__Htemp                                          temp         00006E
__Htext                                          text         000000
__Htext0                                         text0        000000
__Htext1                                         text1        000000
__Htext10                                        text10       000000
__Htext11                                        text11       000000
__Htext12                                        text12       000000
__Htext13                                        text13       000000
__Htext14                                        text14       000000
__Htext15                                        text15       000000
__Htext16                                        text16       000000
__Htext17                                        text17       000000
__Htext18                                        text18       000000
__Htext19                                        text19       000000
__Htext2                                         text2        000000
__Htext20                                        text20       000000
__Htext21                                        text21       000000
__Htext22                                        text22       000000
__Htext23                                        text23       000000
__Htext24                                        text24       000000
__Htext25                                        text25       000000
__Htext27                                        text27       000000
__Htext28                                        text28       000000
__Htext29                                        text29       000000
__Htext3                                         text3        000000
__Htext30                                        text30       000000
__Htext31                                        text31       000000
__Htext32                                        text32       000000
__Htext33                                        text33       000000
__Htext34                                        text34       000000
__Htext35                                        text35       000000
__Htext36                                        text36       000000
__Htext37                                        text37       000000
__Htext38                                        text38       000000
__Htext39                                        text39       000000
__Htext4                                         text4        000000
__Htext40                                        text40       000000
__Htext41                                        text41       000000
__Htext42                                        text42       000000
__Htext43                                        text43       000000
__Htext44                                        text44       000000
__Htext5                                         text5        000000
__Htext6                                         text6        000000
__Htext7                                         text7        000000
__Htext8                                         text8        000000
__Htext9                                         text9        000000
__LRAM                                           (abs)        000001
__Labs1                                          abs1         000000
__Lbank0                                         bank0        000000
__Lbank1                                         bank1        000000
__Lbank10                                        bank10       000000
__Lbank11                                        bank11       000000
__Lbank12                                        bank12       000000
__Lbank13                                        bank13       000000
__Lbank14                                        bank14       000000
__Lbank15                                        bank15       000000
__Lbank2                                         bank2        000000
__Lbank3                                         bank3        000000
__Lbank4                                         bank4        000000
__Lbank5                                         bank5        000000
__Lbank6                                         bank6        000000
__Lbank7                                         bank7        000000
__Lbank8                                         bank8        000000
__Lbank9                                         bank9        000000
__Lbigbss                                        bigbss       000000
__Lbigdata                                       bigdata      000000
__Lbigram                                        bigram       000000
__Lbigsfr                                        bigsfr       000000
__Lbss                                           bss          000000
__LbssBANK0                                      bssBANK0     000000
__LbssCOMRAM                                     bssCOMRAM    000000
__Lcinit                                         cinit        000000
__Lclrtext                                       clrtext      000000
__Lcomram                                        comram       000000
__Lconfig                                        config       000000
__Lconst                                         const        000000
__LcstackBANK0                                   cstackBANK0  000000
__LcstackCOMRAM                                  cstackCOMRAM 000000
__Ldata                                          data         000000
__LdataBANK0                                     dataBANK0    000000
__LdataCOMRAM                                    dataCOMRAM   000000
__Leeprom_data                                   eeprom_data  000000
__Lfarbss                                        farbss       000000
__Lfardata                                       fardata      000000
__Lheap                                          heap         000000
__Libigdata                                      ibigdata     000000
__Lidata                                         idata        000000
__LidataBANK0                                    idataBANK0   000000
__LidataCOMRAM                                   idataCOMRAM  000000
__Lidloc                                         idloc        000000
__Lifardata                                      ifardata     000000
__Linit                                          init         00000E
__Lintcode                                       intcode      000008
__Lintcode_body                                  intcode_body 000000
__Lintcodelo                                     intcodelo    00000E
__Lintentry                                      intentry     000000
__Lintret                                        intret       000000
__Lintsave_regs                                  intsave_regs 000000
__Lirdata                                        irdata       000000
__Lmediumconst                                   mediumconst  000000
__LnvBANK0                                       nvBANK0      000000
__LnvFARRAM                                      nvFARRAM     000000
__Lnvbit                                         nvbit        000000
__Lnvrram                                        nvrram       000000
__Lparam                                         rparam       000000
__Lpowerup                                       powerup      00000E
__Lram                                           ram          000000
__Lramtop                                        ramtop       001000
__Lrbit                                          rbit         000000
__Lrbss                                          rbss         000000
__Lrdata                                         rdata        000000
__Lreset_vec                                     reset_vec    000000
__Lrparam                                        rparam       000000
__Lsfr                                           sfr          000000
__Lsmallconst                                    smallconst   001000
__Lspace_0                                       (abs)        000000
__Lspace_1                                       (abs)        000000
__Lspace_2                                       (abs)        000000
__Lspace_4                                       (abs)        000000
__Lstack                                         stack        000000
__Lstruct                                        struct       000000
__Ltemp                                          temp         00006D
__Ltext                                          text         000000
__Ltext0                                         text0        000000
__Ltext1                                         text1        000000
__Ltext10                                        text10       000000
__Ltext11                                        text11       000000
__Ltext12                                        text12       000000
__Ltext13                                        text13       000000
__Ltext14                                        text14       000000
__Ltext15                                        text15       000000
__Ltext16                                        text16       000000
__Ltext17                                        text17       000000
__Ltext18                                        text18       000000
__Ltext19                                        text19       000000
__Ltext2                                         text2        000000
__Ltext20                                        text20       000000
__Ltext21                                        text21       000000
__Ltext22                                        text22       000000
__Ltext23                                        text23       000000
__Ltext24                                        text24       000000
__Ltext25                                        text25       000000
__Ltext27                                        text27       000000
__Ltext28                                        text28       000000
__Ltext29                                        text29       000000
__Ltext3                                         text3        000000
__Ltext30                                        text30       000000
__Ltext31                                        text31       000000
__Ltext32                                        text32       000000
__Ltext33                                        text33       000000
__Ltext34                                        text34       000000
__Ltext35                                        text35       000000
__Ltext36                                        text36       000000
__Ltext37                                        text37       000000
__Ltext38                                        text38       000000
__Ltext39                                        text39       000000
__Ltext4                                         text4        000000
__Ltext40                                        text40       000000
__Ltext41                                        text41       000000
__Ltext42                                        text42       000000
__Ltext43                                        text43       000000
__Ltext44                                        text44       000000
__Ltext5                                         text5        000000
__Ltext6                                         text6        000000
__Ltext7                                         text7        000000
__Ltext8                                         text8        000000
__Ltext9                                         text9        000000
__S0                                             (abs)        0030DC
__S1                                             (abs)        0000EC
__S4                                             (abs)        000000
__S5                                             (abs)        000000
___fladd                                         text13       00150C
___fladd@a                                       cstackCOMRAM 00002D
___fladd@aexp                                    cstackCOMRAM 000036
___fladd@b                                       cstackCOMRAM 000029
___fladd@bexp                                    cstackCOMRAM 000037
___fladd@grs                                     cstackCOMRAM 000038
___fladd@signs                                   cstackCOMRAM 000035
___fldiv                                         text12       001DB2
___fldiv@a                                       cstackCOMRAM 000014
___fldiv@aexp                                    cstackCOMRAM 000028
___fldiv@b                                       cstackCOMRAM 000010
___fldiv@bexp                                    cstackCOMRAM 000027
___fldiv@grs                                     cstackCOMRAM 000023
___fldiv@new_exp                                 cstackCOMRAM 000021
___fldiv@rem                                     cstackCOMRAM 00001C
___fldiv@sign                                    cstackCOMRAM 000020
___fltol                                         text11       002570
___fltol@exp1                                    cstackCOMRAM 00000B
___fltol@f1                                      cstackCOMRAM 000002
___fltol@sign1                                   cstackCOMRAM 00000A
___heap_hi                                       (abs)        000000
___heap_lo                                       (abs)        000000
___inthi_sp                                      stack        000000
___intlo_sp                                      stack        000000
___param_bank                                    (abs)        000000
___rparam_used                                   (abs)        000001
___sp                                            stack        000000
___xxtofl                                        text10       00214C
___xxtofl@arg                                    cstackCOMRAM 00000C
___xxtofl@exp                                    cstackCOMRAM 00000B
___xxtofl@sign                                   cstackCOMRAM 00000A
___xxtofl@val                                    cstackCOMRAM 000002
__accesstop                                      (abs)        000080
__activetblptr                                   (abs)        000003
__end_of_ADC_ISR                                 text44       0030DA
__end_of_CCP1_ISR                                text43       0030D6
__end_of_CCP2_ISR                                text42       0030D2
__end_of_EUSART_ASYNC_Init                       text8        002EDA
__end_of_EUSART_ASYNC_RX_Init                    text15       002856
__end_of_EUSART_ASYNC_ReadStringBlocking         text25       002B06
__end_of_EUSART_ASYNC_TX_Init                    text14       00290A
__end_of_EUSART_Baud_Rate_Calculation            text9        00150C
__end_of_EUSART_RX_ISR                           text41       0030DC
__end_of_EUSART_TX_ISR                           text40       0030CE
__end_of_INT0_ISR                                text39       0030CA
__end_of_INT1_ISR                                text38       0030C6
__end_of_INT2_ISR                                text37       0030C2
__end_of_InterruptManagerHigh                    intcode_body 001DB2
__end_of_MSSP_I2C_BC_ISR                         text36       0030BE
__end_of_MSSP_I2C_ISR                            text35       0030BA
__end_of_RB4_ISR                                 text34       003084
__end_of_RB5_ISR                                 text33       00306A
__end_of_RB6_ISR                                 text32       003050
__end_of_RB7_ISR                                 text31       003036
__end_of_StringToUint8                           text24       002C22
__end_of_TMR0_ISR                                text30       0030A8
__end_of_TMR1_ISR                                text29       00309C
__end_of_TMR2_ISR                                text28       0030B0
__end_of_TMR3_ISR                                text27       003090
__end_of___fladd                                 text13       0019CC
__end_of___fldiv                                 text12       00214C
__end_of___fltol                                 text11       002676
__end_of___xxtofl                                text10       002300
__end_of__initialization                         cinit        002E32
__end_of_app_initialize                          text6        00301C
__end_of_btn_value                               smallconst   001011
__end_of_dc_motor_initialize                     text20       002FA4
__end_of_dc_motor_move_right                     text5        002F66
__end_of_dc_motor_stop                           text4        002F20
__end_of_gpio_pin_direction_initialize           text23       002444
__end_of_gpio_pin_initialize                     text21       002D72
__end_of_gpio_pin_write_logic                    text22       002570
__end_of_lcd_4bit_initialize                     text16       00277A
__end_of_lcd_4bit_send_char_data                 text3        002C94
__end_of_lcd_4bit_send_command                   text17       002D06
__end_of_lcd_4bit_send_enable_signal             text19       002FDA
__end_of_lcd_4bit_send_string_pos                text1        002BA6
__end_of_lcd_4bit_set_cursor                     text2        002A62
__end_of_lcd_send_4bits                          text18       002DDA
__end_of_main                                    text0        0029BA
__end_of_usart_module_init                       text7        002E8C
__initialization                                 cinit        002DDA
__mediumconst                                    mediumconst  000000
__pbssBANK0                                      bssBANK0     000080
__pbssCOMRAM                                     bssCOMRAM    000048
__pcinit                                         cinit        002DDA
__pcstackBANK0                                   cstackBANK0  0000D9
__pcstackCOMRAM                                  cstackCOMRAM 000001
__pdataBANK0                                     dataBANK0    0000B5
__pdataCOMRAM                                    dataCOMRAM   000067
__pidataBANK0                                    idataBANK0   002FDA
__pidataCOMRAM                                   idataCOMRAM  0030B0
__pintcode                                       intcode      000008
__pintcode_body                                  intcode_body 0019CC
__pnvBANK0                                       nvBANK0      0000EB
__psmallconst                                    smallconst   001000
__ptext0                                         text0        00290A
__ptext1                                         text1        002B06
__ptext10                                        text10       00214C
__ptext11                                        text11       002570
__ptext12                                        text12       001DB2
__ptext13                                        text13       00150C
__ptext14                                        text14       002856
__ptext15                                        text15       00277A
__ptext16                                        text16       002676
__ptext17                                        text17       002C94
__ptext18                                        text18       002D72
__ptext19                                        text19       002FA4
__ptext2                                         text2        0029BA
__ptext20                                        text20       002F66
__ptext21                                        text21       002D06
__ptext22                                        text22       002444
__ptext23                                        text23       002300
__ptext24                                        text24       002BA6
__ptext25                                        text25       002A62
__ptext27                                        text27       003084
__ptext28                                        text28       0030A8
__ptext29                                        text29       003090
__ptext3                                         text3        002C22
__ptext30                                        text30       00309C
__ptext31                                        text31       00301C
__ptext32                                        text32       003036
__ptext33                                        text33       003050
__ptext34                                        text34       00306A
__ptext35                                        text35       0030B6
__ptext36                                        text36       0030BA
__ptext37                                        text37       0030BE
__ptext38                                        text38       0030C2
__ptext39                                        text39       0030C6
__ptext4                                         text4        002EDA
__ptext40                                        text40       0030CA
__ptext41                                        text41       0030DA
__ptext42                                        text42       0030CE
__ptext43                                        text43       0030D2
__ptext44                                        text44       0030D6
__ptext5                                         text5        002F20
__ptext6                                         text6        002FFE
__ptext7                                         text7        002E3C
__ptext8                                         text8        002E8C
__ptext9                                         text9        00102E
__ramtop                                         ramtop       001000
__smallconst                                     smallconst   001000
_app_initialize                                  text6        002FFE
_dc_motor_initialize                             text20       002F66
_dc_motor_move_right                             text5        002F20
_dc_motor_stop                                   text4        002EDA
_gpio_pin_direction_initialize                   text23       002300
_gpio_pin_initialize                             text21       002D06
_gpio_pin_write_logic                            text22       002444
_lat_registers                                   dataBANK0    0000BF
_lcd_1                                           dataBANK0    0000D3
_lcd_4bit_initialize                             text16       002676
_lcd_4bit_send_char_data                         text3        002C22
_lcd_4bit_send_command                           text17       002C94
_lcd_4bit_send_enable_signal                     text19       002FA4
_lcd_4bit_send_string_pos                        text1        002B06
_lcd_4bit_set_cursor                             text2        0029BA
_lcd_send_4bits                                  text18       002D72
_lm35_res_1                                      bssBANK0     000082
_lm35_res_1_celsius                              bssBANK0     000080
_lm35_res_2_txt                                  bssBANK0     0000AE
_main                                            text0        00290A
_motor_1                                         dataCOMRAM   00006B
_port_registers                                  dataBANK0    0000B5
_rec_usart_data                                  bssCOMRAM    00005C
_result                                          nvBANK0      0000EB
_timer0_preload                                  bssCOMRAM    000050
_timer1_preload                                  bssCOMRAM    00004E
_timer2_preload                                  bssCOMRAM    00005D
_timer3_preload                                  bssCOMRAM    00004C
_tris_registers                                  dataBANK0    0000C9
_usart_module_init                               text7        002E3C
btemp                                            temp         00006D
dc_motor_initialize@_dc_motor                    cstackCOMRAM 000010
dc_motor_initialize@ret                          cstackCOMRAM 000012
dc_motor_move_right@_dc_motor                    cstackCOMRAM 00000C
dc_motor_move_right@ret                          cstackCOMRAM 00000E
dc_motor_stop@_dc_motor                          cstackCOMRAM 00000C
dc_motor_stop@ret                                cstackCOMRAM 00000E
end_of_initialization                            cinit        002E32
gpio_pin_direction_initialize@_pin_config        cstackCOMRAM 000002
gpio_pin_direction_initialize@ret                cstackCOMRAM 00000A
gpio_pin_initialize@_pin_config                  cstackCOMRAM 00000C
gpio_pin_initialize@ret                          cstackCOMRAM 00000F
gpio_pin_write_logic@_pin_config                 cstackCOMRAM 000002
gpio_pin_write_logic@logic                       cstackCOMRAM 000004
gpio_pin_write_logic@ret                         cstackCOMRAM 00000B
int$flags                                        temp         00006D
int_func                                         intcode_body 0019CC
intlevel0                                        text         000000
intlevel1                                        text         000000
intlevel2                                        text         000000
intlevel3                                        text         000000
isa$std                                          (abs)        000001
isa$xinst                                        (abs)        000000
lcd_4bit_initialize@l_data_pins_counter          cstackCOMRAM 000018
lcd_4bit_initialize@lcd                          cstackCOMRAM 000014
lcd_4bit_initialize@ret                          cstackCOMRAM 000019
lcd_4bit_send_char_data@data                     cstackCOMRAM 000012
lcd_4bit_send_char_data@lcd                      cstackCOMRAM 000010
lcd_4bit_send_char_data@ret                      cstackCOMRAM 000013
lcd_4bit_send_command@command                    cstackCOMRAM 000012
lcd_4bit_send_command@lcd                        cstackCOMRAM 000010
lcd_4bit_send_command@ret                        cstackCOMRAM 000013
lcd_4bit_send_enable_signal@lcd                  cstackCOMRAM 00000C
lcd_4bit_send_enable_signal@ret                  cstackCOMRAM 00000E
lcd_4bit_send_string_pos@col                     cstackCOMRAM 00001E
lcd_4bit_send_string_pos@lcd                     cstackCOMRAM 00001B
lcd_4bit_send_string_pos@ret                     cstackCOMRAM 000021
lcd_4bit_send_string_pos@row                     cstackCOMRAM 00001D
lcd_4bit_send_string_pos@str                     cstackCOMRAM 00001F
lcd_4bit_set_cursor@coulmn                       cstackCOMRAM 000017
lcd_4bit_set_cursor@lcd                          cstackCOMRAM 000014
lcd_4bit_set_cursor@ret                          cstackCOMRAM 00001A
lcd_4bit_set_cursor@row                          cstackCOMRAM 000016
lcd_send_4bits@_data_command                     cstackCOMRAM 00000E
lcd_send_4bits@lcd                               cstackCOMRAM 00000C
lcd_send_4bits@ret                               cstackCOMRAM 00000F
led_initialize@F3045                             bssCOMRAM    000064
led_turn_off@F3055                               bssCOMRAM    000062
led_turn_on@F3050                                bssCOMRAM    000063
led_turn_toggle@F3060                            bssCOMRAM    000061
relay_initialize@F3039                           bssCOMRAM    000060
relay_turn_off@F3049                             bssCOMRAM    00005E
relay_turn_on@F3044                              bssCOMRAM    00005F
stackhi                                          (abs)        000000
stacklo                                          (abs)        000000
start                                            init         00000E
start_initialization                             cinit        002DDA
ttemp5                                           temp         00006E
ttemp6                                           temp         000071
ttemp7                                           temp         000075
usart_module_init@usart_obj                      cstackBANK0  0000D9
wtemp8                                           temp         00006E


MODULE INFORMATION

Module		Function		Class		Link	Load	Size
MCAL/Timer1/hal_timr1.c
		_TMR1_ISR      		CODE           	3090	0000	12

MCAL/Timer1/hal_timr1.c estimated size: 12

MCAL/Timer3/hal_timr3.c
		_TMR3_ISR      		CODE           	3084	0000	12

MCAL/Timer3/hal_timr3.c estimated size: 12

C:\Program Files\Microchip\xc8\v2.36\pic\sources\c99\common\sprcdiv.c
		___fldiv       		CODE           	1DB2	0000	922

C:\Program Files\Microchip\xc8\v2.36\pic\sources\c99\common\sprcdiv.c estimated size: 922

MCAL/Interrupt/mcal_interrupt_manager.c
		_InterruptManagerHigh		CODE           	0008	0000	1004

MCAL/Interrupt/mcal_interrupt_manager.c estimated size: 1004

C:\Program Files\Microchip\xc8\v2.36\pic\sources\c99\common\xxtofl.c
		___xxtofl      		CODE           	214C	0000	436

C:\Program Files\Microchip\xc8\v2.36\pic\sources\c99\common\xxtofl.c estimated size: 436

MCAL/I2C/hal_i2c.c
		_MSSP_I2C_ISR  		CODE           	30B6	0000	4
		_MSSP_I2C_BC_ISR		CODE           	30BA	0000	4

MCAL/I2C/hal_i2c.c estimated size: 8

ECU/DC_Motor/ecu_dc_motor.c
		_dc_motor_stop 		CODE           	2EDA	0000	70
		_dc_motor_initialize		CODE           	2F66	0000	62
		_dc_motor_move_right		CODE           	2F20	0000	70

ECU/DC_Motor/ecu_dc_motor.c estimated size: 202

MCAL/usart/hal_usart.c
		_EUSART_ASYNC_ReadStringBlocking		CODE           	2A62	0000	164
		_EUSART_RX_ISR 		CODE           	30DA	0000	2
		_EUSART_TX_ISR 		CODE           	30CA	0000	4
		_EUSART_ASYNC_Init		CODE           	2E8C	0000	78
		_EUSART_ASYNC_RX_Init		CODE           	277A	0000	220
		_EUSART_ASYNC_TX_Init		CODE           	2856	0000	180
		_EUSART_Baud_Rate_Calculation		CODE           	102E	0000	1246

MCAL/usart/hal_usart.c estimated size: 1894

MCAL/Interrupt/mcal_external_interrupt.c
		_RB4_ISR       		CODE           	306A	0000	26
		_RB5_ISR       		CODE           	3050	0000	26
		_RB6_ISR       		CODE           	3036	0000	26
		_RB7_ISR       		CODE           	301C	0000	26
		_INT0_ISR      		CODE           	30C6	0000	4
		_INT1_ISR      		CODE           	30C2	0000	4
		_INT2_ISR      		CODE           	30BE	0000	4

MCAL/Interrupt/mcal_external_interrupt.c estimated size: 116

MCAL/GPIO/hal_gpio.c
		_gpio_pin_write_logic		CODE           	2444	0000	300
		_gpio_pin_direction_initialize		CODE           	2300	0000	324
		_gpio_pin_initialize		CODE           	2D06	0000	108

MCAL/GPIO/hal_gpio.c estimated size: 732

C:\Program Files\Microchip\xc8\v2.36\pic\sources\c99\common\sprcadd.c
		___fladd       		CODE           	150C	0000	1216

C:\Program Files\Microchip\xc8\v2.36\pic\sources\c99\common\sprcadd.c estimated size: 1216

MCAL/Timer2/hal_timr2.c
		_TMR2_ISR      		CODE           	30A8	0000	8

MCAL/Timer2/hal_timr2.c estimated size: 8

MCAL/ADC/hal_adc.c
		_ADC_ISR       		CODE           	30D6	0000	4

MCAL/ADC/hal_adc.c estimated size: 4

C:\Program Files\Microchip\xc8\v2.36\pic\sources\c99\common\fltol.c
		___fltol       		CODE           	2570	0000	262

C:\Program Files\Microchip\xc8\v2.36\pic\sources\c99\common\fltol.c estimated size: 262

MCAL/CCP1/hal_ccp1.c
		_CCP1_ISR      		CODE           	30D2	0000	4
		_CCP2_ISR      		CODE           	30CE	0000	4

MCAL/CCP1/hal_ccp1.c estimated size: 8

shared
		_btn_value     		SMALLCONST     	0000	0000	0
		__initialization		CODE           	2DDA	0000	88

shared estimated size: 88

app.c
		_main          		CODE           	290A	0000	176
		_StringToUint8 		CODE           	2BA6	0000	124
		_usart_module_init		CODE           	2E3C	0000	80
		_app_initialize		CODE           	2FFE	0000	30

app.c estimated size: 410

MCAL/Timer0/hal_timr0.c
		_TMR0_ISR      		CODE           	309C	0000	12

MCAL/Timer0/hal_timr0.c estimated size: 12

ECU/Chr_LCD/ecu_chr_lcd.c
		_lcd_4bit_send_command		CODE           	2C94	0000	114
		_lcd_4bit_send_string_pos		CODE           	2B06	0000	160
		_lcd_4bit_send_char_data		CODE           	2C22	0000	114
		_lcd_send_4bits		CODE           	2D72	0000	104
		_lcd_4bit_set_cursor		CODE           	29BA	0000	168
		_lcd_4bit_send_enable_signal		CODE           	2FA4	0000	54
		_lcd_4bit_initialize		CODE           	2676	0000	260

ECU/Chr_LCD/ecu_chr_lcd.c estimated size: 974

